Performing C SOURCE FILE Test CMAKE_HAVE_LIBC_PTHREAD failed with the following output:
Change Dir: /home/az/DRL-robot-navigation/catkin_ws/build_isolated/pedsim_utils/CMakeFiles/CMakeTmp

Run Build Command(s):/usr/bin/make cmTC_60781/fast && /usr/bin/make -f CMakeFiles/cmTC_60781.dir/build.make CMakeFiles/cmTC_60781.dir/build
make[1]: Entering directory '/home/az/DRL-robot-navigation/catkin_ws/build_isolated/pedsim_utils/CMakeFiles/CMakeTmp'
Building C object CMakeFiles/cmTC_60781.dir/src.c.o
/usr/bin/cc   -DCMAKE_HAVE_LIBC_PTHREAD   -o CMakeFiles/cmTC_60781.dir/src.c.o   -c /home/az/DRL-robot-navigation/catkin_ws/build_isolated/pedsim_utils/CMakeFiles/CMakeTmp/src.c
Linking C executable cmTC_60781
/usr/bin/cmake -E cmake_link_script CMakeFiles/cmTC_60781.dir/link.txt --verbose=1
/usr/bin/cc  -DCMAKE_HAVE_LIBC_PTHREAD    -rdynamic CMakeFiles/cmTC_60781.dir/src.c.o  -o cmTC_60781 
/usr/bin/ld: CMakeFiles/cmTC_60781.dir/src.c.o: in function `main':
src.c:(.text+0x46): undefined reference to `pthread_create'
/usr/bin/ld: src.c:(.text+0x52): undefined reference to `pthread_detach'
/usr/bin/ld: src.c:(.text+0x63): undefined reference to `pthread_join'
collect2: error: ld returned 1 exit status
make[1]: *** [CMakeFiles/cmTC_60781.dir/build.make:87: cmTC_60781] Error 1
make[1]: Leaving directory '/home/az/DRL-robot-navigation/catkin_ws/build_isolated/pedsim_utils/CMakeFiles/CMakeTmp'
make: *** [Makefile:121: cmTC_60781/fast] Error 2


Source file was:
#include <pthread.h>

void* test_func(void* data)
{
  return data;
}

int main(void)
{
  pthread_t thread;
  pthread_create(&thread, NULL, test_func, NULL);
  pthread_detach(thread);
  pthread_join(thread, NULL);
  pthread_atfork(NULL, NULL, NULL);
  pthread_exit(NULL);

  return 0;
}

Determining if the function pthread_create exists in the pthreads failed with the following output:
Change Dir: /home/az/DRL-robot-navigation/catkin_ws/build_isolated/pedsim_utils/CMakeFiles/CMakeTmp

Run Build Command(s):/usr/bin/make cmTC_b2973/fast && /usr/bin/make -f CMakeFiles/cmTC_b2973.dir/build.make CMakeFiles/cmTC_b2973.dir/build
make[1]: Entering directory '/home/az/DRL-robot-navigation/catkin_ws/build_isolated/pedsim_utils/CMakeFiles/CMakeTmp'
Building C object CMakeFiles/cmTC_b2973.dir/CheckFunctionExists.c.o
/usr/bin/cc   -DCHECK_FUNCTION_EXISTS=pthread_create   -o CMakeFiles/cmTC_b2973.dir/CheckFunctionExists.c.o   -c /usr/share/cmake-3.16/Modules/CheckFunctionExists.c
Linking C executable cmTC_b2973
/usr/bin/cmake -E cmake_link_script CMakeFiles/cmTC_b2973.dir/link.txt --verbose=1
/usr/bin/cc  -DCHECK_FUNCTION_EXISTS=pthread_create    -rdynamic CMakeFiles/cmTC_b2973.dir/CheckFunctionExists.c.o  -o cmTC_b2973  -lpthreads 
/usr/bin/ld: cannot find -lpthreads
collect2: error: ld returned 1 exit status
make[1]: *** [CMakeFiles/cmTC_b2973.dir/build.make:87: cmTC_b2973] Error 1
make[1]: Leaving directory '/home/az/DRL-robot-navigation/catkin_ws/build_isolated/pedsim_utils/CMakeFiles/CMakeTmp'
make: *** [Makefile:121: cmTC_b2973/fast] Error 2



