Performing C SOURCE FILE Test CMAKE_HAVE_LIBC_PTHREAD failed with the following output:
Change Dir: /home/p14/DRL-robot-navigation/catkin_ws/build_isolated/pedsim_simulator/CMakeFiles/CMakeTmp

Run Build Command(s):/usr/bin/make cmTC_0ccbc/fast && /usr/bin/make -f CMakeFiles/cmTC_0ccbc.dir/build.make CMakeFiles/cmTC_0ccbc.dir/build
make[1]: Entering directory '/home/p14/DRL-robot-navigation/catkin_ws/build_isolated/pedsim_simulator/CMakeFiles/CMakeTmp'
Building C object CMakeFiles/cmTC_0ccbc.dir/src.c.o
/usr/bin/cc   -DCMAKE_HAVE_LIBC_PTHREAD   -o CMakeFiles/cmTC_0ccbc.dir/src.c.o   -c /home/p14/DRL-robot-navigation/catkin_ws/build_isolated/pedsim_simulator/CMakeFiles/CMakeTmp/src.c
Linking C executable cmTC_0ccbc
/usr/bin/cmake -E cmake_link_script CMakeFiles/cmTC_0ccbc.dir/link.txt --verbose=1
/usr/bin/cc  -DCMAKE_HAVE_LIBC_PTHREAD    -rdynamic CMakeFiles/cmTC_0ccbc.dir/src.c.o  -o cmTC_0ccbc 
/usr/bin/ld: CMakeFiles/cmTC_0ccbc.dir/src.c.o: in function `main':
src.c:(.text+0x46): undefined reference to `pthread_create'
/usr/bin/ld: src.c:(.text+0x52): undefined reference to `pthread_detach'
/usr/bin/ld: src.c:(.text+0x63): undefined reference to `pthread_join'
collect2: error: ld returned 1 exit status
make[1]: *** [CMakeFiles/cmTC_0ccbc.dir/build.make:87: cmTC_0ccbc] Error 1
make[1]: Leaving directory '/home/p14/DRL-robot-navigation/catkin_ws/build_isolated/pedsim_simulator/CMakeFiles/CMakeTmp'
make: *** [Makefile:121: cmTC_0ccbc/fast] Error 2


Source file was:
#include <pthread.h>

void* test_func(void* data)
{
  return data;
}

int main(void)
{
  pthread_t thread;
  pthread_create(&thread, NULL, test_func, NULL);
  pthread_detach(thread);
  pthread_join(thread, NULL);
  pthread_atfork(NULL, NULL, NULL);
  pthread_exit(NULL);

  return 0;
}

Determining if the function pthread_create exists in the pthreads failed with the following output:
Change Dir: /home/p14/DRL-robot-navigation/catkin_ws/build_isolated/pedsim_simulator/CMakeFiles/CMakeTmp

Run Build Command(s):/usr/bin/make cmTC_68fdc/fast && /usr/bin/make -f CMakeFiles/cmTC_68fdc.dir/build.make CMakeFiles/cmTC_68fdc.dir/build
make[1]: Entering directory '/home/p14/DRL-robot-navigation/catkin_ws/build_isolated/pedsim_simulator/CMakeFiles/CMakeTmp'
Building C object CMakeFiles/cmTC_68fdc.dir/CheckFunctionExists.c.o
/usr/bin/cc   -DCHECK_FUNCTION_EXISTS=pthread_create   -o CMakeFiles/cmTC_68fdc.dir/CheckFunctionExists.c.o   -c /usr/share/cmake-3.16/Modules/CheckFunctionExists.c
Linking C executable cmTC_68fdc
/usr/bin/cmake -E cmake_link_script CMakeFiles/cmTC_68fdc.dir/link.txt --verbose=1
/usr/bin/cc  -DCHECK_FUNCTION_EXISTS=pthread_create    -rdynamic CMakeFiles/cmTC_68fdc.dir/CheckFunctionExists.c.o  -o cmTC_68fdc  -lpthreads 
/usr/bin/ld: cannot find -lpthreads
collect2: error: ld returned 1 exit status
make[1]: *** [CMakeFiles/cmTC_68fdc.dir/build.make:87: cmTC_68fdc] Error 1
make[1]: Leaving directory '/home/p14/DRL-robot-navigation/catkin_ws/build_isolated/pedsim_simulator/CMakeFiles/CMakeTmp'
make: *** [Makefile:121: cmTC_68fdc/fast] Error 2



