Symlinking /home/power20/DRL-robot-navigation/catkin_ws/devel/lib/libdynamic_gap.so
Symlinking /home/power20/DRL-robot-navigation/catkin_ws/devel/lib/dynamic_gap/gap_streamer_polar
Symlinking /home/power20/DRL-robot-navigation/catkin_ws/devel/lib/pkgconfig/dynamic_gap.pc
Symlinking /home/power20/DRL-robot-navigation/catkin_ws/devel/lib/python3/dist-packages/dynamic_gap/__init__.py
Symlinking /home/power20/DRL-robot-navigation/catkin_ws/devel/lib/python3/dist-packages/dynamic_gap/msg/_GapPolarArray.py
Symlinking /home/power20/DRL-robot-navigation/catkin_ws/devel/lib/python3/dist-packages/dynamic_gap/msg/__init__.py
Symlinking /home/power20/DRL-robot-navigation/catkin_ws/devel/lib/python3/dist-packages/dynamic_gap/msg/_GapPolar.py
Symlinking /home/power20/DRL-robot-navigation/catkin_ws/devel/lib/python3/dist-packages/dynamic_gap/cfg/EstimationParametersConfig.py
Symlinking /home/power20/DRL-robot-navigation/catkin_ws/devel/lib/python3/dist-packages/dynamic_gap/cfg/ControlParametersConfig.py
Symlinking /home/power20/DRL-robot-navigation/catkin_ws/devel/lib/python3/dist-packages/dynamic_gap/cfg/__init__.py
Symlinking /home/power20/DRL-robot-navigation/catkin_ws/devel/share/gennodejs/ros/dynamic_gap/_index.js
Symlinking /home/power20/DRL-robot-navigation/catkin_ws/devel/share/gennodejs/ros/dynamic_gap/msg/GapPolar.js
Symlinking /home/power20/DRL-robot-navigation/catkin_ws/devel/share/gennodejs/ros/dynamic_gap/msg/_index.js
Symlinking /home/power20/DRL-robot-navigation/catkin_ws/devel/share/gennodejs/ros/dynamic_gap/msg/GapPolarArray.js
Symlinking /home/power20/DRL-robot-navigation/catkin_ws/devel/share/roseus/ros/dynamic_gap/manifest.l
Symlinking /home/power20/DRL-robot-navigation/catkin_ws/devel/share/roseus/ros/dynamic_gap/msg/GapPolar.l
Symlinking /home/power20/DRL-robot-navigation/catkin_ws/devel/share/roseus/ros/dynamic_gap/msg/GapPolarArray.l
Symlinking /home/power20/DRL-robot-navigation/catkin_ws/devel/share/dynamic_gap/docs/EstimationParametersConfig.dox
Symlinking /home/power20/DRL-robot-navigation/catkin_ws/devel/share/dynamic_gap/docs/EstimationParametersConfig.wikidoc
Symlinking /home/power20/DRL-robot-navigation/catkin_ws/devel/share/dynamic_gap/docs/ControlParametersConfig.dox
Symlinking /home/power20/DRL-robot-navigation/catkin_ws/devel/share/dynamic_gap/docs/ControlParametersConfig.wikidoc
Symlinking /home/power20/DRL-robot-navigation/catkin_ws/devel/share/dynamic_gap/docs/ControlParametersConfig-usage.dox
Symlinking /home/power20/DRL-robot-navigation/catkin_ws/devel/share/dynamic_gap/docs/EstimationParametersConfig-usage.dox
Symlinking /home/power20/DRL-robot-navigation/catkin_ws/devel/share/dynamic_gap/cmake/dynamic_gapConfig.cmake
Symlinking /home/power20/DRL-robot-navigation/catkin_ws/devel/share/dynamic_gap/cmake/dynamic_gapConfig-version.cmake
Symlinking /home/power20/DRL-robot-navigation/catkin_ws/devel/share/dynamic_gap/cmake/dynamic_gap-msg-extras.cmake
Symlinking /home/power20/DRL-robot-navigation/catkin_ws/devel/share/dynamic_gap/cmake/dynamic_gap-msg-paths.cmake
Symlinking /home/power20/DRL-robot-navigation/catkin_ws/devel/share/common-lisp/ros/dynamic_gap/msg/_package_GapPolar.lisp
Symlinking /home/power20/DRL-robot-navigation/catkin_ws/devel/share/common-lisp/ros/dynamic_gap/msg/GapPolarArray.lisp
Symlinking /home/power20/DRL-robot-navigation/catkin_ws/devel/share/common-lisp/ros/dynamic_gap/msg/dynamic_gap-msg.asd
Symlinking /home/power20/DRL-robot-navigation/catkin_ws/devel/share/common-lisp/ros/dynamic_gap/msg/_package_GapPolarArray.lisp
Symlinking /home/power20/DRL-robot-navigation/catkin_ws/devel/share/common-lisp/ros/dynamic_gap/msg/GapPolar.lisp
Symlinking /home/power20/DRL-robot-navigation/catkin_ws/devel/share/common-lisp/ros/dynamic_gap/msg/_package.lisp
Symlinking /home/power20/DRL-robot-navigation/catkin_ws/devel/include/dynamic_gap/GapPolarArray.h
Symlinking /home/power20/DRL-robot-navigation/catkin_ws/devel/include/dynamic_gap/EstimationParametersConfig.h
Symlinking /home/power20/DRL-robot-navigation/catkin_ws/devel/include/dynamic_gap/GapPolar.h
Symlinking /home/power20/DRL-robot-navigation/catkin_ws/devel/include/dynamic_gap/ControlParametersConfig.h
