[35m[1mScanning dependencies of target geometry_msgs_generate_messages_py[0m
[35m[1mScanning dependencies of target _dynamic_gap_generate_messages_check_deps_GapPolarArray[0m
[35m[1mScanning dependencies of target sensor_msgs_generate_messages_nodejs[0m
[35m[1mScanning dependencies of target sensor_msgs_generate_messages_py[0m
[35m[1mScanning dependencies of target geometry_msgs_generate_messages_cpp[0m
[35m[1mScanning dependencies of target std_msgs_generate_messages_lisp[0m
[35m[1mScanning dependencies of target geometry_msgs_generate_messages_nodejs[0m
[35m[1mScanning dependencies of target sensor_msgs_generate_messages_cpp[0m
[35m[1mScanning dependencies of target std_msgs_generate_messages_py[0m
[35m[1mScanning dependencies of target _dynamic_gap_generate_messages_check_deps_GapPolar[0m
[35m[1mScanning dependencies of target sensor_msgs_generate_messages_lisp[0m
[35m[1mScanning dependencies of target sensor_msgs_generate_messages_eus[0m
[35m[1mScanning dependencies of target geometry_msgs_generate_messages_lisp[0m
[35m[1mScanning dependencies of target std_msgs_generate_messages_cpp[0m
[  0%] Built target sensor_msgs_generate_messages_nodejs
[  0%] Built target std_msgs_generate_messages_lisp
[  0%] Built target geometry_msgs_generate_messages_cpp
[  0%] Built target sensor_msgs_generate_messages_py
[  0%] Built target geometry_msgs_generate_messages_py
[35m[1mScanning dependencies of target std_msgs_generate_messages_nodejs[0m
[  0%] Built target std_msgs_generate_messages_py
[  0%] Built target geometry_msgs_generate_messages_lisp
[  0%] Built target sensor_msgs_generate_messages_lisp
[  0%] Built target sensor_msgs_generate_messages_cpp
[  0%] Built target std_msgs_generate_messages_cpp
[  0%] Built target sensor_msgs_generate_messages_eus
[35m[1mScanning dependencies of target std_msgs_generate_messages_eus[0m
[35m[1mScanning dependencies of target actionlib_generate_messages_py[0m
[  0%] Built target geometry_msgs_generate_messages_nodejs
[35m[1mScanning dependencies of target geometry_msgs_generate_messages_eus[0m
[35m[1mScanning dependencies of target visualization_msgs_generate_messages_py[0m
[35m[1mScanning dependencies of target pedsim_msgs_generate_messages_cpp[0m
[35m[1mScanning dependencies of target visualization_msgs_generate_messages_nodejs[0m
[  0%] Built target std_msgs_generate_messages_nodejs
[35m[1mScanning dependencies of target visualization_msgs_generate_messages_lisp[0m
[35m[1mScanning dependencies of target nav_msgs_generate_messages_lisp[0m
[35m[1mScanning dependencies of target nav_msgs_generate_messages_eus[0m
[35m[1mScanning dependencies of target visualization_msgs_generate_messages_eus[0m
[35m[1mScanning dependencies of target pedsim_msgs_generate_messages_nodejs[0m
[  0%] Built target geometry_msgs_generate_messages_eus
[  0%] Built target actionlib_generate_messages_py
[  0%] Built target visualization_msgs_generate_messages_py
[  0%] Built target visualization_msgs_generate_messages_lisp
[  0%] Built target visualization_msgs_generate_messages_nodejs
[  0%] Built target pedsim_msgs_generate_messages_cpp
[  0%] Built target std_msgs_generate_messages_eus
[35m[1mScanning dependencies of target map_msgs_generate_messages_nodejs[0m
[  0%] Built target nav_msgs_generate_messages_lisp
[  0%] Built target nav_msgs_generate_messages_eus
[  0%] Built target pedsim_msgs_generate_messages_nodejs
[35m[1mScanning dependencies of target nav_msgs_generate_messages_cpp[0m
[35m[1mScanning dependencies of target map_msgs_generate_messages_cpp[0m
[35m[1mScanning dependencies of target map_msgs_generate_messages_lisp[0m
[35m[1mScanning dependencies of target pedsim_msgs_generate_messages_eus[0m
[  0%] Built target _dynamic_gap_generate_messages_check_deps_GapPolar
[  0%] Built target visualization_msgs_generate_messages_eus
[  0%] Built target map_msgs_generate_messages_nodejs
[35m[1mScanning dependencies of target map_msgs_generate_messages_eus[0m
[  0%] Built target _dynamic_gap_generate_messages_check_deps_GapPolarArray
[35m[1mScanning dependencies of target tf2_msgs_generate_messages_nodejs[0m
[35m[1mScanning dependencies of target tf2_msgs_generate_messages_lisp[0m
[35m[1mScanning dependencies of target _catkin_empty_exported_target[0m
[35m[1mScanning dependencies of target dynamic_reconfigure_gencfg[0m
[35m[1mScanning dependencies of target tf2_msgs_generate_messages_cpp[0m
[  0%] Built target map_msgs_generate_messages_cpp
[  0%] Built target map_msgs_generate_messages_lisp
[  0%] Built target pedsim_msgs_generate_messages_eus
[35m[1mScanning dependencies of target actionlib_msgs_generate_messages_py[0m
[  0%] Built target map_msgs_generate_messages_eus
[35m[1mScanning dependencies of target dynamic_reconfigure_generate_messages_lisp[0m
[35m[1mScanning dependencies of target nav_msgs_generate_messages_py[0m
[35m[1mScanning dependencies of target dynamic_reconfigure_generate_messages_cpp[0m
[35m[1mScanning dependencies of target tf_generate_messages_lisp[0m
[  0%] Built target tf2_msgs_generate_messages_nodejs
[  0%] Built target nav_msgs_generate_messages_cpp
[  0%] Built target tf2_msgs_generate_messages_lisp
[  0%] Built target _catkin_empty_exported_target
[  0%] Built target tf2_msgs_generate_messages_cpp
[  0%] Built target dynamic_reconfigure_gencfg
[35m[1mScanning dependencies of target costmap_2d_gencfg[0m
[35m[1mScanning dependencies of target tf2_msgs_generate_messages_py[0m
[35m[1mScanning dependencies of target dynamic_reconfigure_generate_messages_nodejs[0m
[  0%] Built target dynamic_reconfigure_generate_messages_cpp
[  0%] Built target dynamic_reconfigure_generate_messages_lisp
[  0%] Built target tf_generate_messages_lisp
[  0%] Built target nav_msgs_generate_messages_py
[35m[1mScanning dependencies of target dynamic_gap_gencfg[0m
[35m[1mScanning dependencies of target costmap_2d_generate_messages_py[0m
[  0%] Built target actionlib_msgs_generate_messages_py
[35m[1mScanning dependencies of target nav_msgs_generate_messages_nodejs[0m
[35m[1mScanning dependencies of target costmap_2d_generate_messages_lisp[0m
[35m[1mScanning dependencies of target roscpp_generate_messages_lisp[0m
[35m[1mScanning dependencies of target actionlib_msgs_generate_messages_eus[0m
[35m[1mScanning dependencies of target dynamic_reconfigure_generate_messages_py[0m
[35m[1mScanning dependencies of target actionlib_generate_messages_lisp[0m
[35m[1mScanning dependencies of target map_msgs_generate_messages_py[0m
[  0%] Built target tf2_msgs_generate_messages_py
[35m[1mScanning dependencies of target base_local_planner_generate_messages_eus[0m
[35m[1mScanning dependencies of target base_local_planner_generate_messages_cpp[0m
[  0%] Built target costmap_2d_gencfg
[  0%] Built target dynamic_reconfigure_generate_messages_nodejs
[  2%] [34m[1mGenerating dynamic reconfigure files from cfg/ControlParameters.cfg: /home/power20/DRL-robot-navigation/catkin_ws/devel/.private/dynamic_gap/include/dynamic_gap/ControlParametersConfig.h /home/power20/DRL-robot-navigation/catkin_ws/devel/.private/dynamic_gap/lib/python3/dist-packages/dynamic_gap/cfg/ControlParametersConfig.py[0m
[  2%] Built target costmap_2d_generate_messages_py
[35m[1mScanning dependencies of target tf_generate_messages_eus[0m
[  2%] Built target nav_msgs_generate_messages_nodejs
[  4%] Built target costmap_2d_generate_messages_lisp
[  4%] [34m[1mGenerating dynamic reconfigure files from cfg/EstimationParameters.cfg: /home/power20/DRL-robot-navigation/catkin_ws/devel/.private/dynamic_gap/include/dynamic_gap/EstimationParametersConfig.h /home/power20/DRL-robot-navigation/catkin_ws/devel/.private/dynamic_gap/lib/python3/dist-packages/dynamic_gap/cfg/EstimationParametersConfig.py[0m
[  4%] Built target map_msgs_generate_messages_py
[  4%] Built target actionlib_generate_messages_lisp
[  4%] Built target base_local_planner_generate_messages_eus
[  4%] Built target actionlib_msgs_generate_messages_eus
[  4%] Built target base_local_planner_generate_messages_cpp
[35m[1mScanning dependencies of target rosgraph_msgs_generate_messages_lisp[0m
[  4%] Built target dynamic_reconfigure_generate_messages_py
[35m[1mScanning dependencies of target rosgraph_msgs_generate_messages_py[0m
[  4%] Built target roscpp_generate_messages_lisp
[35m[1mScanning dependencies of target base_local_planner_generate_messages_lisp[0m
[  4%] Built target tf_generate_messages_eus
[  4%] Built target rosgraph_msgs_generate_messages_lisp
[35m[1mScanning dependencies of target base_local_planner_generate_messages_py[0m
[35m[1mScanning dependencies of target base_local_planner_gencfg[0m
[35m[1mScanning dependencies of target roscpp_generate_messages_eus[0m
[35m[1mScanning dependencies of target costmap_2d_generate_messages_nodejs[0m
[35m[1mScanning dependencies of target dynamic_gap[0m
[35m[1mScanning dependencies of target base_local_planner_generate_messages_nodejs[0m
[35m[1mScanning dependencies of target pedsim_msgs_generate_messages_py[0m
[35m[1mScanning dependencies of target costmap_2d_generate_messages_eus[0m
[  4%] Built target roscpp_generate_messages_eus
[  4%] Built target base_local_planner_gencfg
[  4%] Built target base_local_planner_generate_messages_lisp
[35m[1mScanning dependencies of target costmap_2d_generate_messages_cpp[0m
[35m[1mScanning dependencies of target rosgraph_msgs_generate_messages_nodejs[0m
[  4%] Built target costmap_2d_generate_messages_nodejs
[  4%] Built target base_local_planner_generate_messages_nodejs
[  4%] Built target rosgraph_msgs_generate_messages_py
[  4%] Built target base_local_planner_generate_messages_py
[  4%] Built target pedsim_msgs_generate_messages_py
[35m[1mScanning dependencies of target tf2_msgs_generate_messages_eus[0m
Generating reconfiguration files for ControlParameters in dynamic_gap
Generating reconfiguration files for EstimationParameters in dynamic_gap
Wrote header file in /home/power20/DRL-robot-navigation/catkin_ws/devel/.private/dynamic_gap/include/dynamic_gap/EstimationParametersConfig.h
Wrote header file in /home/power20/DRL-robot-navigation/catkin_ws/devel/.private/dynamic_gap/include/dynamic_gap/ControlParametersConfig.h
[  4%] Built target costmap_2d_generate_messages_eus
[  4%] Built target costmap_2d_generate_messages_cpp
[35m[1mScanning dependencies of target actionlib_generate_messages_cpp[0m
[35m[1mScanning dependencies of target tf_generate_messages_cpp[0m
[35m[1mScanning dependencies of target pedsim_msgs_generate_messages_lisp[0m
[35m[1mScanning dependencies of target dynamic_reconfigure_generate_messages_eus[0m
[  4%] Built target rosgraph_msgs_generate_messages_nodejs
[35m[1mScanning dependencies of target actionlib_msgs_generate_messages_nodejs[0m
[35m[1mScanning dependencies of target tf_generate_messages_py[0m
[35m[1mScanning dependencies of target tf_generate_messages_nodejs[0m
[35m[1mScanning dependencies of target actionlib_msgs_generate_messages_lisp[0m
[35m[1mScanning dependencies of target roscpp_generate_messages_py[0m
[35m[1mScanning dependencies of target roscpp_generate_messages_cpp[0m
[  4%] Built target tf2_msgs_generate_messages_eus
[  4%] Built target tf_generate_messages_cpp
[  4%] Built target actionlib_generate_messages_cpp
[  4%] Built target pedsim_msgs_generate_messages_lisp
[  4%] Built target dynamic_reconfigure_generate_messages_eus
[  4%] Built target tf_generate_messages_py
[  4%] Built target actionlib_msgs_generate_messages_nodejs
[  4%] Built target tf_generate_messages_nodejs
[  4%] Built target actionlib_msgs_generate_messages_lisp
[35m[1mScanning dependencies of target roscpp_generate_messages_nodejs[0m
[  4%] Built target roscpp_generate_messages_py
[  4%] Built target roscpp_generate_messages_cpp
[35m[1mScanning dependencies of target visualization_msgs_generate_messages_cpp[0m
[35m[1mScanning dependencies of target rosgraph_msgs_generate_messages_eus[0m
[35m[1mScanning dependencies of target actionlib_generate_messages_eus[0m
[35m[1mScanning dependencies of target actionlib_generate_messages_nodejs[0m
[35m[1mScanning dependencies of target rosgraph_msgs_generate_messages_cpp[0m
[35m[1mScanning dependencies of target dynamic_gap_generate_messages_lisp[0m
[35m[1mScanning dependencies of target actionlib_msgs_generate_messages_cpp[0m
[35m[1mScanning dependencies of target dynamic_gap_generate_messages_py[0m
[  4%] Built target roscpp_generate_messages_nodejs
[  4%] Built target dynamic_gap_gencfg
[35m[1mScanning dependencies of target dynamic_gap_generate_messages_cpp[0m
[  4%] Built target visualization_msgs_generate_messages_cpp
[35m[1mScanning dependencies of target dynamic_gap_generate_messages_eus[0m
[  4%] Built target rosgraph_msgs_generate_messages_eus
[35m[1mScanning dependencies of target dynamic_gap_generate_messages_nodejs[0m
[  7%] Built target rosgraph_msgs_generate_messages_cpp
[  7%] Built target actionlib_msgs_generate_messages_cpp
[ 11%] [34m[1mGenerating Lisp code from dynamic_gap/GapPolar.msg[0m
[ 11%] Built target actionlib_generate_messages_nodejs
[ 14%] [34m[1mGenerating C++ code from dynamic_gap/GapPolarArray.msg[0m
[ 11%] [34m[1mGenerating Lisp code from dynamic_gap/GapPolarArray.msg[0m
[ 11%] [34m[1mGenerating Python from MSG dynamic_gap/GapPolarArray[0m
[ 16%] [34m[1mGenerating Python from MSG dynamic_gap/GapPolar[0m
[  7%] Built target actionlib_generate_messages_eus
[ 21%] [34m[1mGenerating EusLisp code from dynamic_gap/GapPolar.msg[0m
[ 21%] [34m[1mGenerating C++ code from dynamic_gap/GapPolar.msg[0m
[ 23%] [34m[1mGenerating EusLisp code from dynamic_gap/GapPolarArray.msg[0m
[ 26%] [34m[1mGenerating EusLisp manifest code for dynamic_gap[0m
[ 28%] [34m[1mGenerating Javascript code from dynamic_gap/GapPolar.msg[0m
[ 30%] [34m[1mGenerating Javascript code from dynamic_gap/GapPolarArray.msg[0m
[ 30%] Built target dynamic_gap_generate_messages_lisp
[ 30%] Built target dynamic_gap_generate_messages_nodejs
[ 30%] Built target dynamic_gap_generate_messages_cpp
[ 33%] [34m[1mGenerating Python msg __init__.py for dynamic_gap[0m
[ 33%] Built target dynamic_gap_generate_messages_py
[ 40%] [32mBuilding CXX object CMakeFiles/dynamic_gap.dir/src/gap_association/Associator.cpp.o[0m
[ 40%] [32mBuilding CXX object CMakeFiles/dynamic_gap.dir/src/gap_detection/GapDetector.cpp.o[0m
[ 40%] [32mBuilding CXX object CMakeFiles/dynamic_gap.dir/src/gap_association/GapAssociator.cpp.o[0m
[ 42%] [32mBuilding CXX object CMakeFiles/dynamic_gap.dir/src/config/DynamicGapConfig.cpp.o[0m
[ 45%] [32mBuilding CXX object CMakeFiles/dynamic_gap.dir/src/gap_estimation/PerfectEstimator.cpp.o[0m
[ 47%] [32mBuilding CXX object CMakeFiles/dynamic_gap.dir/src/gap_estimation/RotatingFrameCartesianKalmanFilter.cpp.o[0m
[ 50%] [32mBuilding CXX object CMakeFiles/dynamic_gap.dir/src/gap_association/GapPointAssociator.cpp.o[0m
[ 52%] [32mBuilding CXX object CMakeFiles/dynamic_gap.dir/src/gap_feasibility/GapFeasibilityChecker.cpp.o[0m
[ 54%] [32mBuilding CXX object CMakeFiles/dynamic_gap.dir/src/gap_propagation/GapPropagator.cpp.o[0m
[ 57%] [32mBuilding CXX object CMakeFiles/dynamic_gap.dir/src/global_plan_management/GlobalPlanManager.cpp.o[0m
[ 59%] [32mBuilding CXX object CMakeFiles/dynamic_gap.dir/src/scan_processing/DynamicScanPropagator.cpp.o[0m
[ 61%] [32mBuilding CXX object CMakeFiles/dynamic_gap.dir/src/trajectory_generation/UngapTrajectoryGenerator.cpp.o[0m
[ 64%] [32mBuilding CXX object CMakeFiles/dynamic_gap.dir/src/trajectory_generation/GapManipulator.cpp.o[0m
[ 66%] [32mBuilding CXX object CMakeFiles/dynamic_gap.dir/src/trajectory_generation/GapTrajectoryGenerator.cpp.o[0m
WARNING: Package name "LfH" does not follow the naming conventions. It should start with a lower case letter and only contain lower case letters, digits, underscores, and dashes.
WARNING: Package name "gazebo_ros_2Dmap_plugin" does not follow the naming conventions. It should start with a lower case letter and only contain lower case letters, digits, underscores, and dashes.
WARNING: Package name "LfH" does not follow the naming conventions. It should start with a lower case letter and only contain lower case letters, digits, underscores, and dashes.
WARNING: Package name "gazebo_ros_2Dmap_plugin" does not follow the naming conventions. It should start with a lower case letter and only contain lower case letters, digits, underscores, and dashes.
[ 66%] Built target dynamic_gap_generate_messages_eus
[ 69%] [32mBuilding CXX object CMakeFiles/dynamic_gap.dir/src/trajectory_generation/GapGoalPlacer.cpp.o[0m
[35m[1mScanning dependencies of target dynamic_gap_generate_messages[0m
[ 69%] Built target dynamic_gap_generate_messages
[ 71%] [32mBuilding CXX object CMakeFiles/dynamic_gap.dir/src/trajectory_evaluation/TrajectoryEvaluator.cpp.o[0m
[ 73%] [32mBuilding CXX object CMakeFiles/dynamic_gap.dir/src/trajectory_tracking/TrajectoryController.cpp.o[0m
[ 76%] [32mBuilding CXX object CMakeFiles/dynamic_gap.dir/src/ungap_feasibility/UngapFeasibilityChecker.cpp.o[0m
[ 78%] [32mBuilding CXX object CMakeFiles/dynamic_gap.dir/src/visualization/GapVisualizer.cpp.o[0m
[ 80%] [32mBuilding CXX object CMakeFiles/dynamic_gap.dir/src/visualization/GoalVisualizer.cpp.o[0m
[ 83%] [32mBuilding CXX object CMakeFiles/dynamic_gap.dir/src/visualization/AgentVisualizer.cpp.o[0m
[ 85%] [32mBuilding CXX object CMakeFiles/dynamic_gap.dir/src/visualization/TrajectoryVisualizer.cpp.o[0m
[ 88%] [32mBuilding CXX object CMakeFiles/dynamic_gap.dir/src/Planner.cpp.o[0m
[ 90%] [32mBuilding CXX object CMakeFiles/dynamic_gap.dir/src/DynamicGapPlanner.cpp.o[0m
[01m[K/home/power20/DRL-robot-navigation/catkin_ws/src/dynamic_gap/src/trajectory_generation/GapTrajectoryGenerator.cpp:[m[K In member function ‘[01m[Kdynamic_gap::Trajectory dynamic_gap::GapTrajectoryGenerator::generateGoToGoalTrajectoryV2(dynamic_gap::Gap*, const PoseStamped&, const PoseStamped&)[m[K’:
[01m[K/home/power20/DRL-robot-navigation/catkin_ws/src/dynamic_gap/src/trajectory_generation/GapTrajectoryGenerator.cpp:35:72:[m[K [01;35m[Kwarning: [m[Knarrowing conversion of ‘[01m[K(geometry_msgs::Point_<std::allocator<void> >::_x_type)globalGoalRobotFrame.geometry_msgs::PoseStamped_<std::allocator<void> >::pose.geometry_msgs::Pose_<std::allocator<void> >::position.geometry_msgs::Point_<std::allocator<void> >::x[m[K’ from ‘[01m[Kgeometry_msgs::Point_<std::allocator<void> >::_x_type[m[K’ {aka ‘[01m[Kdouble[m[K’} to ‘[01m[Kfloat[m[K’ [[01;35m[K-Wnarrowing[m[K]
   35 |                                     [01;35m[KglobalGoalRobotFrame.pose.position.x[m[K,
      |                                     [01;35m[K~~~~~~~~~~~~~~~~~~~~~~~~~~~~~~~~~~~^[m[K
[01m[K/home/power20/DRL-robot-navigation/catkin_ws/src/dynamic_gap/src/trajectory_generation/GapTrajectoryGenerator.cpp:36:72:[m[K [01;35m[Kwarning: [m[Knarrowing conversion of ‘[01m[K(geometry_msgs::Point_<std::allocator<void> >::_y_type)globalGoalRobotFrame.geometry_msgs::PoseStamped_<std::allocator<void> >::pose.geometry_msgs::Pose_<std::allocator<void> >::position.geometry_msgs::Point_<std::allocator<void> >::y[m[K’ from ‘[01m[Kgeometry_msgs::Point_<std::allocator<void> >::_y_type[m[K’ {aka ‘[01m[Kdouble[m[K’} to ‘[01m[Kfloat[m[K’ [[01;35m[K-Wnarrowing[m[K]
   36 |                                     [01;35m[KglobalGoalRobotFrame.pose.position.y[m[K};
      |                                     [01;35m[K~~~~~~~~~~~~~~~~~~~~~~~~~~~~~~~~~~~^[m[K
[ 92%] [32mBuilding CXX object CMakeFiles/dynamic_gap.dir/src/TimeKeeper.cpp.o[0m
[ 95%] [32m[1mLinking CXX shared library /home/power20/DRL-robot-navigation/catkin_ws/devel/.private/dynamic_gap/lib/libdynamic_gap.so[0m
[ 95%] Built target dynamic_gap
[35m[1mScanning dependencies of target gap_streamer_polar[0m
[ 97%] [32mBuilding CXX object CMakeFiles/gap_streamer_polar.dir/src/gap_streamer_polar.cpp.o[0m
[100%] [32m[1mLinking CXX executable /home/power20/DRL-robot-navigation/catkin_ws/devel/.private/dynamic_gap/lib/dynamic_gap/gap_streamer_polar[0m
[100%] Built target gap_streamer_polar
